[hyperledger-fabric.readthedocs.io/en/latest/index.html]
[backblue.gif]
[fade.gif]
[index.html]
[hyperledger-fabric.readthedocs.io/en/latest/img/favicon.ico]
[hyperledger-fabric.readthedocs.io/en/latest/css/theme.css]
[hyperledger-fabric.readthedocs.io/en/latest/css/theme_extra.css]
[hyperledger-fabric.readthedocs.io/en/latest/css/highlight.css]
[hyperledger-fabric.readthedocs.io/en/latest/js/jquery-2.1.1.min.js]
[hyperledger-fabric.readthedocs.io/en/latest/js/modernizr-2.8.3.min.js]
[hyperledger-fabric.readthedocs.io/en/latest/js/highlight.pack.js]
[hyperledger-fabric.readthedocs.io/en/latest/js/theme.js]
[hyperledger-fabric.readthedocs.io/en/latest/readthedocs-data.js]
[hyperledger-fabric.readthedocs.io/en/latest/readthedocs-dynamic-include.js]
[hyperledger-fabric.readthedocs.io/en/latest/glossary/index.html]
[hyperledger-fabric.readthedocs.io/en/latest/biz/usecases/index.html]
[hyperledger-fabric.readthedocs.io/en/latest/protocol-spec/index.html]
[hyperledger-fabric.readthedocs.io/en/latest/(https_/slack.hyperledger.org/)]
[hyperledger-fabric.readthedocs.io/en/latest/SystemChaincode-noop/index.html]
[hyperledger-fabric.readthedocs.io/en/latest/Setup/Chaincode-setup/index.html]
[hyperledger-fabric.readthedocs.io/en/latest/Setup/JAVAChaincode/index.html]
[hyperledger-fabric.readthedocs.io/en/latest/dev-setup/headers.txt]
[hyperledger-fabric.readthedocs.io/en/latest/Setup/Network-setup/index.html]
[hyperledger-fabric.readthedocs.io/en/latest/LICENSE]
[hyperledger-fabric.readthedocs.io/en/latest/index.html]
[hyperledger-fabric.readthedocs.io/en/latest/Setup/NodeSDK-setup/index.html]
[hyperledger-fabric.readthedocs.io/en/latest/Setup/ca-setup/index.html]
[hyperledger-fabric.readthedocs.io/en/latest/Setup/logging-control/index.html]
[hyperledger-fabric.readthedocs.io/en/latest/fonts/fontawesome-webfont862f.eot]
[hyperledger-fabric.readthedocs.io/en/latest/API/ChaincodeAPI/index.html]
[hyperledger-fabric.readthedocs.io/en/latest/fonts/fontawesome-webfontd41d.eot]
[hyperledger-fabric.readthedocs.io/en/latest/API/CoreAPI/index.html]
[hyperledger-fabric.readthedocs.io/en/latest/fonts/fontawesome-webfont862f.woff]
[hyperledger-fabric.readthedocs.io/en/latest/fonts/fontawesome-webfont862f.ttf]
[hyperledger-fabric.readthedocs.io/en/latest/API/MemberServicesAPI/index.html]
[hyperledger-fabric.readthedocs.io/en/latest/css/theme.css]
[hyperledger-fabric.readthedocs.io/en/latest/abstract_v1/index.html]
[hyperledger-fabric.readthedocs.io/en/latest/css/theme_extra.css]
[hyperledger-fabric.readthedocs.io/en/latest/CONTRIBUTING/index.html]
[hyperledger-fabric.readthedocs.io/en/latest/css/highlight.css]
[hyperledger-fabric.readthedocs.io/en/latest/Gerrit/lf-account/index.html]
[hyperledger-fabric.readthedocs.io/en/latest/Gerrit/gerrit/index.html]
[hyperledger-fabric.readthedocs.io/en/latest/dev-setup/devenv/index.html]
[hyperledger-fabric.readthedocs.io/en/latest/dev-setup/build/index.html]
[hyperledger-fabric.readthedocs.io/en/latest/Gerrit/best-practices/index.html]
[hyperledger-fabric.readthedocs.io/en/latest/MAINTAINERS/index.html]
[hyperledger-fabric.readthedocs.io/en/latest/Gerrit/reviewing/index.html]
[hyperledger-fabric.readthedocs.io/en/latest/Gerrit/changes/index.html]
[hyperledger-fabric.readthedocs.io/en/latest/Style-guides/go-style/index.html]
[hyperledger-fabric.readthedocs.io/en/latest/FAQ/chaincode_FAQ/index.html]
[hyperledger-fabric.readthedocs.io/en/latest/FAQ/confidentiality_FAQ/index.html]
[hyperledger-fabric.readthedocs.io/en/latest/FAQ/consensus_FAQ/index.html]
[hyperledger-fabric.readthedocs.io/en/latest/FAQ/usage_FAQ/index.html]
[hyperledger-fabric.readthedocs.io/en/latest/glossary/index.html]
[hyperledger-fabric.readthedocs.io/en/latest/tech/application-ACL/index.html]
[hyperledger-fabric.readthedocs.io/en/latest/tech/attributes/index.html]
[hyperledger-fabric.readthedocs.io/en/latest/nodeSDK/app-developer-env-setup/index.html]
[hyperledger-fabric.readthedocs.io/en/latest/tech/best-practices/index.html]
[hyperledger-fabric.readthedocs.io/en/latest/images/refarch.png]
[hyperledger-fabric.readthedocs.io/en/latest/nodeSDK/app-overview/index.html]
[hyperledger-fabric.readthedocs.io/en/latest/images/top-single-peer.png]
[hyperledger-fabric.readthedocs.io/en/latest/nodeSDK/node-sdk-guide/index.html]
[hyperledger-fabric.readthedocs.io/en/latest/images/top-multi-peer.png]
[hyperledger-fabric.readthedocs.io/en/latest/nodeSDK/node-sdk-indepth/index.html]
[hyperledger-fabric.readthedocs.io/en/latest/images/sec-sec-arch.png]
[hyperledger-fabric.readthedocs.io/en/latest/images/sec-memserv-components.png]
[hyperledger-fabric.readthedocs.io/en/latest/images/sec-example-2.png]
[hyperledger-fabric.readthedocs.io/en/latest/nodeSDK/sample-standalone-app/index.html]
[hyperledger-fabric.readthedocs.io/en/latest/nodeSDK/sample-web-app/index.html]
[hyperledger-fabric.readthedocs.io/en/latest/starter/fabric-starter-kit/index.html]
[hyperledger-fabric.readthedocs.io/en/latest/images/sec-registration-high-level.png]
[hyperledger-fabric.readthedocs.io/en/latest/images/sec-registration-detailed.png]
[hyperledger-fabric.readthedocs.io/en/latest/releases/index.html]
[hyperledger-fabric.readthedocs.io/en/latest/images/sec-request-tcerts-deployment.png]
[hyperledger-fabric.readthedocs.io/en/latest/images/sec-request-tcerts-invocation.png]
[hyperledger-fabric.readthedocs.io/en/latest/index5a8e.html]
[hyperledger-fabric.readthedocs.io/en/latest/images/sec-usrconf-deploy.png]
[hyperledger-fabric.readthedocs.io/en/latest/images/sec-usrconf-invoke.png]
[hyperledger-fabric.readthedocs.io/en/latest/images/sec-usrconf-deploy-interm.png]
[hyperledger-fabric.readthedocs.io/en/latest/images/sec-usrconf-invoke-interm.png]
[hyperledger-fabric.readthedocs.io/en/latest/protocol-spec/txconf.md]
[hyperledger-fabric.readthedocs.io/en/latest/images/sec-firstrel-1.png]
[hyperledger-fabric.readthedocs.io/en/latest/images/sec-firstrel-2.png]
[hyperledger-fabric.readthedocs.io/en/latest/images/sec-firstrel-depl.png]
[hyperledger-fabric.readthedocs.io/en/latest/images/sec-firstrel-inv.png]
[hyperledger-fabric.readthedocs.io/en/latest/images/refarch-api.png]
[hyperledger-fabric.readthedocs.io/en/latest/protocol-spec/images/refarch-app.png]
[hyperledger-fabric.readthedocs.io/en/latest/protocol-spec/index.html]
[hyperledger-fabric.readthedocs.io/en/latest/biz/images/Canonical-Use-Cases_B2BContract.png]
[hyperledger-fabric.readthedocs.io/en/latest/biz/images/Canonical-Use-Cases_Manufacturing-Supply-Chain.png]
[hyperledger-fabric.readthedocs.io/en/latest/biz/images/Canonical-Use-Cases_Asset-Depository.png]
[hyperledger-fabric.readthedocs.io/en/latest/biz/images/Canonical-Use-Cases_One-Trade-One-Contract.png]
[hyperledger-fabric.readthedocs.io/en/latest/biz/images/Canonical-Use-Cases_Direct-Communication.png]
[hyperledger-fabric.readthedocs.io/en/latest/biz/images/Canonical-Use-Cases_Interoperability-of-Assets.png]
[hyperledger-fabric.readthedocs.io/en/latest/biz/usecases/index.html]
[hyperledger-fabric.readthedocs.io/en/latest/SystemChaincode-noop/index.html]
[hyperledger-fabric.readthedocs.io/en/latest/Setup/Chaincode-setup/index.html]
[hyperledger-fabric.readthedocs.io/en/latest/Setup/JAVAChaincode/index.html]
[hyperledger-fabric.readthedocs.io/en/latest/Setup/Network-setup/index.html]
[hyperledger-fabric.readthedocs.io/en/latest/Setup/nodeSDK/node-sdk-self-contained.33.delayed]
[hyperledger-fabric.readthedocs.io/en/latest/Setup/NodeSDK-setup/index.html]
[hyperledger-fabric.readthedocs.io/en/latest/Setup/ca-setup/index.html]
[hyperledger-fabric.readthedocs.io/en/latest/Setup/logging-control/index.html]
[hyperledger-fabric.readthedocs.io/en/latest/API/ChaincodeAPI/index.html]
[hyperledger-fabric.readthedocs.io/en/latest/API/CoreAPI/index.html]
[hyperledger-fabric.readthedocs.io/en/latest/API/MemberServicesAPI/index.html]
[hyperledger-fabric.readthedocs.io/en/latest/abstract_v1/index.html]
[hyperledger-fabric.readthedocs.io/en/latest/docs/biz/DCO1.1.txt]
[hyperledger-fabric.readthedocs.io/en/latest/CONTRIBUTING/index.html]
[hyperledger-fabric.readthedocs.io/en/latest/Gerrit/lf-account/index.html]
[hyperledger-fabric.readthedocs.io/en/latest/Gerrit/gerrit/index.html]
[hyperledger-fabric.readthedocs.io/en/latest/dev-setup/devenv/index.html]
[hyperledger-fabric.readthedocs.io/en/latest/dev-setup/build/index.html]
[hyperledger-fabric.readthedocs.io/en/latest/Gerrit/best-practices/index.html]
[hyperledger-fabric.readthedocs.io/en/latest/MAINTAINERS/index.html]
[hyperledger-fabric.readthedocs.io/en/latest/Gerrit/reviewing/index.html]
[hyperledger-fabric.readthedocs.io/en/latest/Gerrit/changes/index.html]
[hyperledger-fabric.readthedocs.io/en/latest/Style-guides/go-style/index.html]
[hyperledger-fabric.readthedocs.io/en/latest/FAQ/chaincode_FAQ/index.html]
[hyperledger-fabric.readthedocs.io/en/latest/FAQ/confidentiality_FAQ/index.html]
[hyperledger-fabric.readthedocs.io/en/latest/FAQ/consensus_FAQ/index.html]
[hyperledger-fabric.readthedocs.io/en/latest/FAQ/usage_FAQ/index.html]
[hyperledger-fabric.readthedocs.io/en/latest/tech/application-ACL/index.html]
[hyperledger-fabric.readthedocs.io/en/latest/tech/attributes/index.html]
[hyperledger-fabric.readthedocs.io/en/latest/tech/best-practices/index.html]
[hyperledger-fabric.readthedocs.io/en/latest/FAQ/identity_management_FAQ/index.html]
[hyperledger-fabric.readthedocs.io/en/latest/nodeSDK/app-developer-env-setup/node-sdk-self-contained.36.delayed]
[hyperledger-fabric.readthedocs.io/en/latest/nodeSDK/app-developer-env-setup/index.html]
[hyperledger-fabric.readthedocs.io/en/latest/nodeSDK/images/standalone-app-developer.png]
[hyperledger-fabric.readthedocs.io/en/latest/nodeSDK/app-overview/index.html]
[hyperledger-fabric.readthedocs.io/en/latest/nodeSDK/images/web-app-developer.png]
[hyperledger-fabric.readthedocs.io/en/latest/nodeSDK/node-sdk-guide/node-sdk-self-contained.39.delayed]
[hyperledger-fabric.readthedocs.io/en/latest/nodeSDK/node-sdk-guide/index.html]
[hyperledger-fabric.readthedocs.io/en/latest/nodeSDK/node-sdk-indepth/index.html]
[hyperledger-fabric.readthedocs.io/en/latest/nodeSDK/sample-standalone-app/index.html]
[hyperledger-fabric.readthedocs.io/en/latest/nodeSDK/sample-web-app/index.html]
[hyperledger-fabric.readthedocs.io/en/latest/starter/fabric-starter-kit/index.html]
[hyperledger-fabric.readthedocs.io/en/latest/TODO]
[hyperledger-fabric.readthedocs.io/en/latest/releases/index.html]
[hyperledger-fabric.readthedocs.io/en/latest/index5a8e.html]
[hyperledger-fabric.readthedocs.io/en/latest/(https_/slack.hyperledger.org/).html]
[hyperledger-fabric.readthedocs.io/en/latest/LICENSE.html]
[hyperledger-fabric.readthedocs.io/en/latest/fonts/fontawesome-webfont862f.svg]
[hyperledger-fabric.readthedocs.io/en/latest/protocol-spec/txconf.html]
[hyperledger-fabric.readthedocs.io/en/latest/protocol-spec/images/refarch-app.html]
[hyperledger-fabric.readthedocs.io/en/latest/Setup/nodeSDK/node-sdk-self-contained.html]
[hyperledger-fabric.readthedocs.io/en/latest/docs/biz/DCO1.1.html]
[hyperledger-fabric.readthedocs.io/en/latest/FAQ/identity_management_FAQ/index.html]
[hyperledger-fabric.readthedocs.io/en/latest/nodeSDK/app-developer-env-setup/node-sdk-self-contained.html]
[hyperledger-fabric.readthedocs.io/en/latest/nodeSDK/node-sdk-guide/node-sdk-self-contained.html]
[hyperledger-fabric.readthedocs.io/en/latest/TODO.html]
[hyperledger-fabric.readthedocs.io/en/latest/biz/images/Canonical-Use-Cases_Separation-of-Asset-Ownership-and-Custodians-Duties.png]
[hyperledger-fabric.readthedocs.io/en/latest/images/sec-example-1.png]
[hyperledger-fabric.readthedocs.io/en/latest/images/attributes_flow.png]
